Loading existing papers from Google Sheet...
  151 existing papers loaded.
  Verifying HUJI affiliation for 147 papers via PubMed efetch...
fetch_pubmed: 66 fetched, 7 new
fetch_europepmc: 43 fetched, 0 new
fetch_semantic_scholar error: 429 Client Error:  for url: https://api.semanticscholar.org/graph/v1/paper/search?query=Hebrew+University+of+Jerusalem&fields=title%2Cabstract%2Cauthors%2Cyear%2Cvenue%2CexternalIds%2CpublicationDate%2Cauthors.affiliations&limit=300

7 unique new papers to evaluate.
Enriching PI contact info for 7 new papers...
Enriching PI contact for 25 existing papers (backfill)...
  [1/7] Obese Patients Undergoing Implant-based Breast Reconstruction: A Prope
Direct use of automatic function calling (AFC) in Models.generate_content is not recommended. Instead, we recommend to use AFC in Chat.send_message. Similarly, direct use of AFC in Models.generate_content_stream is not recommended. Instead, we recommend to use AFC in Chat.send_message_stream.
    gemma-4-31b-it failed (error): 500 INTERNAL. {'error': {'code': 500, 'message': 'Internal error encountered.', 'status': 'INTERNAL'}}
    score=10 fields=['Medical Device', 'Clinical']
    gemma-4-31b-it failed (error): 500 INTERNAL. {'error': {'code': 500, 'message': 'Internal error encountered.', 'status': 'INTERNAL'}}
    hts_score=1
  [2/7] Self-Assembly of a Chiral Pyrene-Bifuran-Imide Into Helical and Spheri
    score=16 fields=['Materials', 'Drug Discovery']
    hts_score=1
  [3/7] Not all diverticulosis are colonic - jejunal diverticulitis.
    score=8 fields=['Diagnostics', 'Clinical', 'Imaging']
    hts_score=1
  [4/7] Association between congenital nasolacrimal duct obstruction and upper
    score=11 fields=['Clinical', 'Diagnostics']
    hts_score=1
  [5/7] A Live-Cell Imaging System for the Identification of Pro- and Anti-Agg
    score=26 fields=['Drug Discovery', 'Neuroscience', 'Imaging', 'Medical Device']
    hts_score=9
  [6/7] The Protective Role of Collective Efficacy Against Illicit Drug Availa
    score=6 fields=['Other']
    hts_score=1
  [7/7] When the Algorithm Speaks First: Trust, Reliance and the Reconstructio
    score=12 fields=['Software/AI', 'Clinical', 'Neuroscience']
    hts_score=1

Kept all 151 existing papers, added 7 new.
  [checkpoint: final] writing 158 papers (151 retained + 7 new)...
Sheet updated: {"status":"ok","rows":159}
  Archive: 998 papers total.
Generated papers_reader.html and papers_data.json with 158 papers and 51 researcher profiles.
Done.
